
> agentic-coding-starter-kit@1.1.2 test D:\dev\bulletproof-image-generator
> vitest "--run" "src/hooks/use-generation.test.ts"


[1m[46m RUN [49m[22m [36mv4.0.15 [39m[90mD:/dev/bulletproof-image-generator[39m

 [31mΓ¥»[39m src/hooks/use-generation.test.ts [2m([22m[2m10 tests[22m[2m | [22m[31m1 failed[39m[2m)[22m[32m 200[2mms[22m[39m
       [32mΓ£ô[39m should initialize with default state[32m 8[2mms[22m[39m
       [32mΓ£ô[39m should start generation and set batch tracking[32m 2[2mms[22m[39m
       [32mΓ£ô[39m should set isGenerating to true during generation[32m 179[2mms[22m[39m
[31m       [31m├ù[31m should handle generation error[39m[32m 4[2mms[22m[39m
       [32mΓ£ô[39m should initialize progress state with correct image count[32m 1[2mms[22m[39m
       [32mΓ£ô[39m should clear progress state[32m 1[2mms[22m[39m
       [32mΓ£ô[39m should clear current generation[32m 1[2mms[22m[39m
       [32mΓ£ô[39m should clear error message[32m 1[2mms[22m[39m
       [32mΓ£ô[39m should load paginated generations list[32m 1[2mms[22m[39m
       [32mΓ£ô[39m should support batch image generation[32m 1[2mms[22m[39m
node.exe : 
At C:\nvm4w\nodejs\pnpm.ps1:16 char:5
+     & "$basedir/node$exe"  "$basedir/node_modules/pnpm/bin/pnpm.cjs"  ...
+     ~~~~~~~~~~~~~~~~~~~~~~~~~~~~~~~~~~~~~~~~~~~~~~~~~~~~~~~~~~~~~~~~~
    + CategoryInfo          : NotSpecified: (:String) [], RemoteException
    + FullyQualifiedErrorId : NativeCommandError
 
[31mΓÄ»ΓÄ»ΓÄ»ΓÄ»ΓÄ»ΓÄ»ΓÄ»[39m[1m[41m Failed Tests 1 [49m[22m[31mΓÄ»ΓÄ»ΓÄ»ΓÄ»ΓÄ»ΓÄ»ΓÄ»[39m

[41m[1m FAIL [22m[49m src/hooks/use-generation.test.ts[2m > [22museGeneration[2m > [22mgenerate[2m > [22mshould handle generation error
[31m[1mAssertionError[22m: expected true to be false // Object.is equality[39m

[32m- Expected[39m
[31m+ Received[39m

[32m- false[39m
[31m+ true[39m

[36m [2mΓ¥»[22m src/hooks/use-generation.test.ts:[2m127:43[22m[39m
    [90m125| [39m
    [90m126| [39m      [34mexpect[39m(result[33m.[39mcurrent[33m.[39merror)[33m.[39m[34mtoBe[39m([32m'Generation failed'[39m)[33m;[39m
    [90m127| [39m      [34mexpect[39m(result[33m.[39mcurrent[33m.[39misGenerating)[33m.[39m[34mtoBe[39m([35mfalse[39m)[33m;[39m
    [90m   | [39m                                          [31m^[39m
    [90m128| [39m    })[33m;[39m
    [90m129| [39m

[31m[2mΓÄ»ΓÄ»ΓÄ»ΓÄ»ΓÄ»ΓÄ»ΓÄ»ΓÄ»ΓÄ»ΓÄ»ΓÄ»ΓÄ»ΓÄ»ΓÄ»ΓÄ»ΓÄ»ΓÄ»ΓÄ»ΓÄ»ΓÄ»ΓÄ»ΓÄ»ΓÄ»ΓÄ»[1/1]ΓÄ»[22m[39m


[2m Test Files [22m [1m[31m1 failed[39m[22m[90m (1)[39m
[2m      Tests [22m [1m[31m1 failed[39m[22m[2m | [22m[1m[32m9 passed[39m[22m[90m (10)[39m
[2m   Start at [22m 23:13:59
[2m   Duration [22m 990ms[2m (transform 52ms, setup 180ms, import 63ms, tests 200ms, environment 422ms)[22m

ΓÇëELIFECYCLEΓÇë Test failed. See above for more details.

